// Jest Snapshot v1, https://goo.gl/fbAQLP

exports[`Loading should render correctly 1`] = `
<Loading>
  <span>
    Loading...
  </span>
</Loading>
`;
